// Vitest Snapshot v1, https://vitest.dev/guide/snapshot.html

exports[`weaponDamage > snapshot of the zone × rarity average table 1`] = `
[
  [
    4.5,
    6,
    7.5,
    9.5,
    12.5,
  ],
  [
    7,
    8.5,
    11,
    14,
    18.5,
  ],
  [
    10,
    13,
    17,
    21.5,
    27.5,
  ],
  [
    15.5,
    20,
    25.5,
    31.5,
    41,
  ],
  [
    23,
    30,
    37.5,
    47.5,
    61.5,
  ],
  [
    34,
    44.5,
    56,
    71.5,
    92.5,
  ],
  [
    51.5,
    67,
    84.5,
    107.5,
    138.5,
  ],
  [
    77,
    100,
    127,
    161.5,
    207.5,
  ],
]
`;
